Component: ARM Compiler 5.05 update 1 (build 106) Tool: armlink [4d0efa]

==============================================================================

Section Cross References

    system_mkl25z4.o(.text) refers to uidiv.o(.text) for __aeabi_uidivmod
    system_mkl25z4.o(.text) refers to system_mkl25z4.o(.data) for .data
    startup_mkl25z4.o(RESET) refers to startup_mkl25z4.o(STACK) for __initial_sp
    startup_mkl25z4.o(RESET) refers to startup_mkl25z4.o(.text) for Reset_Handler
    startup_mkl25z4.o(RESET) refers to timers.o(.text) for PIT_IRQHandler
    startup_mkl25z4.o(.text) refers to system_mkl25z4.o(.text) for SystemInit
    startup_mkl25z4.o(.text) refers to entry.o(.ARM.Collect$$$$00000000) for __main
    lcd_4bit.o(.text) refers to delay.o(.text) for Delay
    main.o(.text) refers to leds.o(.text) for Init_RGB_LEDs
    main.o(.text) refers to i2c.o(.text) for i2c_init
    main.o(.text) refers to mma8451.o(.text) for init_mma
    main.o(.text) refers to triggers.o(.text) for Init_Triggers
    main.o(.text) refers to delay.o(.text) for Delay
    main.o(.text) refers to profile.o(.text) for Init_Profiling
    main.o(.text) refers to v2xe.o(.text) for Compensated_Heading_DEF
    main.o(.text) refers to main.o(.data) for .data
    main.o(.text) refers to mma8451.o(.data) for pitch_rads
    timers.o(.text) refers to profile.o(.data) for profiling_enabled
    timers.o(.text) refers to timers.o(.data) for .data
    timers.o(.text) refers to profile.o(.data) for profile_ticks
    timers.o(.text) refers to region.o(.constdata) for NumProfileRegions
    timers.o(.text) refers to region.o(.constdata) for RegionTable
    timers.o(.text) refers to region.o(.bss) for RegionCount
    timers.o(.text) refers to profile.o(.data) for adx_lost
    timers.o(.text) refers to profile.o(.data) for num_lost
    i2c.o(.text) refers to i2c.o(.data) for .data
    mma8451.o(.text) refers to i2c.o(.text) for i2c_read_byte
    mma8451.o(.text) refers to delay.o(.text) for Delay
    mma8451.o(.text) refers to fflti.o(.text) for __aeabi_i2f
    mma8451.o(.text) refers to fscalb.o(.text) for __ARM_scalbnf
    mma8451.o(.text) refers to asinf.o(i.asinf) for asinf
    mma8451.o(.text) refers to fmul.o(.text) for __aeabi_fmul
    mma8451.o(.text) refers to atan2f.o(i.atan2f) for atan2f
    mma8451.o(.text) refers to mma8451.o(.data) for .data
    profile.o(.text) refers to uidiv.o(.text) for __aeabi_uidivmod
    profile.o(.text) refers to timers.o(.text) for Init_PIT
    profile.o(.text) refers to region.o(.constdata) for NumProfileRegions
    profile.o(.text) refers to region.o(.bss) for RegionCount
    profile.o(.text) refers to system_mkl25z4.o(.data) for SystemCoreClock
    profile.o(.text) refers to profile.o(.data) for .data
    v2xe.o(.text) refers to lookup_tables.o(.text) for sin_lookup
    v2xe.o(.text) refers to fmul.o(.text) for __aeabi_fmul
    v2xe.o(.text) refers to fadd.o(.text) for __aeabi_fadd
    v2xe.o(.text) refers to atan2f.o(i.atan2f) for atan2f
    v2xe.o(.text) refers to v2xe.o(.data) for .data
    lookup_tables.o(.text) refers to fmul.o(.text) for __aeabi_fmul
    lookup_tables.o(.text) refers to ffixi.o(.text) for __aeabi_f2iz
    lookup_tables.o(.text) refers to lookup_tables.o(.constdata) for .constdata
    asinf.o(i.__softfp_asinf) refers (Special) to iusefp.o(.text) for __I$use$fp
    asinf.o(i.__softfp_asinf) refers to asinf.o(i.asinf) for asinf
    asinf.o(i.asinf) refers (Special) to iusefp.o(.text) for __I$use$fp
    asinf.o(i.asinf) refers to fadd.o(.text) for __aeabi_frsub
    asinf.o(i.asinf) refers to fscalb.o(.text) for __ARM_scalbnf
    asinf.o(i.asinf) refers to sqrtf.o(i.sqrtf) for sqrtf
    asinf.o(i.asinf) refers to fmul.o(.text) for __aeabi_fmul
    asinf.o(i.asinf) refers to fpclassifyf.o(i.__ARM_fpclassifyf) for __ARM_fpclassifyf
    asinf.o(i.asinf) refers to funder.o(i.__mathlib_flt_underflow) for __mathlib_flt_underflow
    asinf.o(i.asinf) refers to funder.o(i.__mathlib_flt_infnan) for __mathlib_flt_infnan
    asinf.o(i.asinf) refers to errno.o(i.__set_errno) for __set_errno
    asinf.o(i.asinf) refers to funder.o(i.__mathlib_flt_invalid) for __mathlib_flt_invalid
    asinf_x.o(i.____softfp_asinf$lsc) refers (Special) to iusefp.o(.text) for __I$use$fp
    asinf_x.o(i.____softfp_asinf$lsc) refers to asinf_x.o(i.__asinf$lsc) for __asinf$lsc
    asinf_x.o(i.__asinf$lsc) refers (Special) to iusefp.o(.text) for __I$use$fp
    asinf_x.o(i.__asinf$lsc) refers to fadd.o(.text) for __aeabi_frsub
    asinf_x.o(i.__asinf$lsc) refers to fscalb.o(.text) for __ARM_scalbnf
    asinf_x.o(i.__asinf$lsc) refers to sqrtf.o(i.sqrtf) for sqrtf
    asinf_x.o(i.__asinf$lsc) refers to fmul.o(.text) for __aeabi_fmul
    asinf_x.o(i.__asinf$lsc) refers to funder.o(i.__mathlib_flt_infnan) for __mathlib_flt_infnan
    asinf_x.o(i.__asinf$lsc) refers to errno.o(i.__set_errno) for __set_errno
    atan2f.o(i.__softfp_atan2f) refers (Special) to iusefp.o(.text) for __I$use$fp
    atan2f.o(i.__softfp_atan2f) refers to atan2f.o(i.atan2f) for atan2f
    atan2f.o(i.atan2f) refers (Special) to iusefp.o(.text) for __I$use$fp
    atan2f.o(i.atan2f) refers to fdiv.o(.text) for __aeabi_fdiv
    atan2f.o(i.atan2f) refers to fpclassifyf.o(i.__ARM_fpclassifyf) for __ARM_fpclassifyf
    atan2f.o(i.atan2f) refers to funder.o(i.__mathlib_flt_underflow) for __mathlib_flt_underflow
    atan2f.o(i.atan2f) refers to fadd.o(.text) for __aeabi_fsub
    atan2f.o(i.atan2f) refers to fmul.o(.text) for __aeabi_fmul
    atan2f.o(i.atan2f) refers to funder.o(i.__mathlib_flt_infnan2) for __mathlib_flt_infnan2
    atan2f_x.o(i.____softfp_atan2f$lsc) refers (Special) to iusefp.o(.text) for __I$use$fp
    atan2f_x.o(i.____softfp_atan2f$lsc) refers to atan2f_x.o(i.__atan2f$lsc) for __atan2f$lsc
    atan2f_x.o(i.__atan2f$lsc) refers (Special) to iusefp.o(.text) for __I$use$fp
    atan2f_x.o(i.__atan2f$lsc) refers to fdiv.o(.text) for __aeabi_fdiv
    atan2f_x.o(i.__atan2f$lsc) refers to fadd.o(.text) for __aeabi_fsub
    atan2f_x.o(i.__atan2f$lsc) refers to fmul.o(.text) for __aeabi_fmul
    atan2f_x.o(i.__atan2f$lsc) refers to funder.o(i.__mathlib_flt_infnan2) for __mathlib_flt_infnan2
    atan2f_x.o(i.__atan2f$lsc) refers to errno.o(i.__set_errno) for __set_errno
    entry.o(.ARM.Collect$$$$00000000) refers (Special) to entry10a.o(.ARM.Collect$$$$0000000D) for __rt_final_cpp
    entry.o(.ARM.Collect$$$$00000000) refers (Special) to entry11a.o(.ARM.Collect$$$$0000000F) for __rt_final_exit
    entry.o(.ARM.Collect$$$$00000000) refers (Special) to entry7b.o(.ARM.Collect$$$$00000008) for _main_clock
    entry.o(.ARM.Collect$$$$00000000) refers (Special) to entry8b.o(.ARM.Collect$$$$0000000A) for _main_cpp_init
    entry.o(.ARM.Collect$$$$00000000) refers (Special) to entry9a.o(.ARM.Collect$$$$0000000B) for _main_init
    entry.o(.ARM.Collect$$$$00000000) refers (Special) to entry5.o(.ARM.Collect$$$$00000004) for _main_scatterload
    entry.o(.ARM.Collect$$$$00000000) refers (Special) to entry2.o(.ARM.Collect$$$$00000001) for _main_stk
    fadd.o(.text) refers (Special) to iusefp.o(.text) for __I$use$fp
    fadd.o(.text) refers to fepilogue.o(.text) for _float_epilogue
    fmul.o(.text) refers (Special) to iusefp.o(.text) for __I$use$fp
    fscalb.o(.text) refers (Special) to iusefp.o(.text) for __I$use$fp
    fflti.o(.text) refers (Special) to iusefp.o(.text) for __I$use$fp
    fflti.o(.text) refers to fepilogue.o(.text) for _float_epilogue
    ffixi.o(.text) refers (Special) to iusefp.o(.text) for __I$use$fp
    fpclassifyf.o(i.__ARM_fpclassifyf) refers (Special) to iusefp.o(.text) for __I$use$fp
    funder.o(i.__mathlib_flt_divzero) refers to fdiv.o(.text) for __aeabi_fdiv
    funder.o(i.__mathlib_flt_infnan) refers to fscalb.o(.text) for __ARM_scalbnf
    funder.o(i.__mathlib_flt_infnan2) refers to fadd.o(.text) for __aeabi_fadd
    funder.o(i.__mathlib_flt_invalid) refers to fdiv.o(.text) for __aeabi_fdiv
    funder.o(i.__mathlib_flt_overflow) refers to fscalb.o(.text) for __ARM_scalbnf
    funder.o(i.__mathlib_flt_posinfnan) refers to fmul.o(.text) for __aeabi_fmul
    funder.o(i.__mathlib_flt_underflow) refers to fscalb.o(.text) for __ARM_scalbnf
    sqrtf.o(i.__softfp_sqrtf) refers (Special) to iusefp.o(.text) for __I$use$fp
    sqrtf.o(i.__softfp_sqrtf) refers to fsqrt.o(.text) for _fsqrt
    sqrtf.o(i.__softfp_sqrtf) refers to errno.o(i.__set_errno) for __set_errno
    sqrtf.o(i.sqrtf) refers (Special) to iusefp.o(.text) for __I$use$fp
    sqrtf.o(i.sqrtf) refers to fsqrt.o(.text) for _fsqrt
    sqrtf.o(i.sqrtf) refers to errno.o(i.__set_errno) for __set_errno
    sqrtf_x.o(i.____softfp_sqrtf$lsc) refers (Special) to iusefp.o(.text) for __I$use$fp
    sqrtf_x.o(i.____softfp_sqrtf$lsc) refers to errno.o(i.__set_errno) for __set_errno
    sqrtf_x.o(i.____softfp_sqrtf$lsc) refers to fsqrt.o(.text) for _fsqrt
    sqrtf_x.o(i.__sqrtf$lsc) refers (Special) to iusefp.o(.text) for __I$use$fp
    sqrtf_x.o(i.__sqrtf$lsc) refers to errno.o(i.__set_errno) for __set_errno
    sqrtf_x.o(i.__sqrtf$lsc) refers to fsqrt.o(.text) for _fsqrt
    entry2.o(.ARM.Collect$$$$00000001) refers to entry2.o(.ARM.Collect$$$$00002712) for __lit__00000000
    entry2.o(.ARM.Collect$$$$00002712) refers to startup_mkl25z4.o(STACK) for __initial_sp
    entry2.o(__vectab_stack_and_reset_area) refers to startup_mkl25z4.o(STACK) for __initial_sp
    entry2.o(__vectab_stack_and_reset_area) refers to entry.o(.ARM.Collect$$$$00000000) for __main
    entry5.o(.ARM.Collect$$$$00000004) refers to init.o(.text) for __scatterload
    entry9a.o(.ARM.Collect$$$$0000000B) refers to main.o(.text) for main
    entry9b.o(.ARM.Collect$$$$0000000C) refers to main.o(.text) for main
    errno.o(i.__aeabi_errno_addr) refers to errno.o(.data) for .data
    errno.o(i.__read_errno) refers to errno.o(.data) for .data
    errno.o(i.__set_errno) refers to errno.o(.data) for .data
    fdiv.o(.text) refers to fepilogue.o(.text) for _float_round
    init.o(.text) refers to entry5.o(.ARM.Collect$$$$00000004) for __main_after_scatterload
    fsqrt.o(.text) refers to fepilogue.o(.text) for _float_round


==============================================================================

Removing Unused input sections from the image.

    Removing system_mkl25z4.o(.rev16_text), (4 bytes).
    Removing system_mkl25z4.o(.revsh_text), (4 bytes).
    Removing startup_mkl25z4.o(HEAP), (0 bytes).
    Removing lcd_4bit.o(.rev16_text), (4 bytes).
    Removing lcd_4bit.o(.revsh_text), (4 bytes).
    Removing lcd_4bit.o(.text), (568 bytes).
    Removing main.o(.rev16_text), (4 bytes).
    Removing main.o(.revsh_text), (4 bytes).
    Removing leds.o(.rev16_text), (4 bytes).
    Removing leds.o(.revsh_text), (4 bytes).
    Removing timers.o(.rev16_text), (4 bytes).
    Removing timers.o(.revsh_text), (4 bytes).
    Removing timers.o(.data), (4 bytes).
    Removing timers.o(.data), (4 bytes).
    Removing i2c.o(.rev16_text), (4 bytes).
    Removing i2c.o(.revsh_text), (4 bytes).
    Removing i2c.o(.data), (2 bytes).
    Removing mma8451.o(.rev16_text), (4 bytes).
    Removing mma8451.o(.revsh_text), (4 bytes).
    Removing mma8451.o(.data), (4 bytes).
    Removing delay.o(.rev16_text), (4 bytes).
    Removing delay.o(.revsh_text), (4 bytes).
    Removing profile.o(.rev16_text), (4 bytes).
    Removing profile.o(.revsh_text), (4 bytes).
    Removing triggers.o(.rev16_text), (4 bytes).
    Removing triggers.o(.revsh_text), (4 bytes).

26 unused section(s) (total 662 bytes) removed from the image.

==============================================================================

Image Symbol Table

    Local Symbols

    Symbol Name                              Value     Ov Type        Size  Object(Section)

    RESET                                    0x00000000   Section      192  startup_mkl25z4.o(RESET)
    ../clib/microlib/division.c              0x00000000   Number         0  uidiv.o ABSOLUTE
    ../clib/microlib/errno.c                 0x00000000   Number         0  errno.o ABSOLUTE
    ../clib/microlib/init/entry.s            0x00000000   Number         0  entry9a.o ABSOLUTE
    ../clib/microlib/init/entry.s            0x00000000   Number         0  entry8b.o ABSOLUTE
    ../clib/microlib/init/entry.s            0x00000000   Number         0  entry8a.o ABSOLUTE
    ../clib/microlib/init/entry.s            0x00000000   Number         0  entry7b.o ABSOLUTE
    ../clib/microlib/init/entry.s            0x00000000   Number         0  entry7a.o ABSOLUTE
    ../clib/microlib/init/entry.s            0x00000000   Number         0  entry5.o ABSOLUTE
    ../clib/microlib/init/entry.s            0x00000000   Number         0  entry2.o ABSOLUTE
    ../clib/microlib/init/entry.s            0x00000000   Number         0  entry.o ABSOLUTE
    ../clib/microlib/init/entry.s            0x00000000   Number         0  entry11b.o ABSOLUTE
    ../clib/microlib/init/entry.s            0x00000000   Number         0  entry11a.o ABSOLUTE
    ../clib/microlib/init/entry.s            0x00000000   Number         0  entry10b.o ABSOLUTE
    ../clib/microlib/init/entry.s            0x00000000   Number         0  entry10a.o ABSOLUTE
    ../clib/microlib/init/entry.s            0x00000000   Number         0  entry9b.o ABSOLUTE
    ../clib/microlib/stubs.s                 0x00000000   Number         0  iusefp.o ABSOLUTE
    ../fplib/microlib/fpadd.c                0x00000000   Number         0  fadd.o ABSOLUTE
    ../fplib/microlib/fpdiv.c                0x00000000   Number         0  fdiv.o ABSOLUTE
    ../fplib/microlib/fpepilogue.c           0x00000000   Number         0  fepilogue.o ABSOLUTE
    ../fplib/microlib/fpfix.c                0x00000000   Number         0  ffixi.o ABSOLUTE
    ../fplib/microlib/fpflt.c                0x00000000   Number         0  fflti.o ABSOLUTE
    ../fplib/microlib/fpmul.c                0x00000000   Number         0  fmul.o ABSOLUTE
    ../fplib/microlib/fpscalb.c              0x00000000   Number         0  fscalb.o ABSOLUTE
    ../fplib/microlib/fpsqrt.c               0x00000000   Number         0  fsqrt.o ABSOLUTE
    ../mathlib/asinf.c                       0x00000000   Number         0  asinf_x.o ABSOLUTE
    ../mathlib/asinf.c                       0x00000000   Number         0  asinf.o ABSOLUTE
    ../mathlib/atan2f.c                      0x00000000   Number         0  atan2f.o ABSOLUTE
    ../mathlib/atan2f.c                      0x00000000   Number         0  atan2f_x.o ABSOLUTE
    ../mathlib/fpclassifyf.c                 0x00000000   Number         0  fpclassifyf.o ABSOLUTE
    ../mathlib/funder.c                      0x00000000   Number         0  funder.o ABSOLUTE
    ../mathlib/sqrtf.c                       0x00000000   Number         0  sqrtf.o ABSOLUTE
    ../mathlib/sqrtf.c                       0x00000000   Number         0  sqrtf_x.o ABSOLUTE
    asm\startup_MKL25Z4.s                    0x00000000   Number         0  startup_mkl25z4.o ABSOLUTE
    dc.s                                     0x00000000   Number         0  dc.o ABSOLUTE
    handlers.s                               0x00000000   Number         0  handlers.o ABSOLUTE
    init.s                                   0x00000000   Number         0  init.o ABSOLUTE
    src\LCD_4bit.c                           0x00000000   Number         0  lcd_4bit.o ABSOLUTE
    src\LEDs.c                               0x00000000   Number         0  leds.o ABSOLUTE
    src\\LCD_4bit.c                          0x00000000   Number         0  lcd_4bit.o ABSOLUTE
    src\\LEDs.c                              0x00000000   Number         0  leds.o ABSOLUTE
    src\\delay.c                             0x00000000   Number         0  delay.o ABSOLUTE
    src\\i2c.c                               0x00000000   Number         0  i2c.o ABSOLUTE
    src\\main.c                              0x00000000   Number         0  main.o ABSOLUTE
    src\\mma8451.c                           0x00000000   Number         0  mma8451.o ABSOLUTE
    src\\profile.c                           0x00000000   Number         0  profile.o ABSOLUTE
    src\\system_MKL25Z4.c                    0x00000000   Number         0  system_mkl25z4.o ABSOLUTE
    src\\timers.c                            0x00000000   Number         0  timers.o ABSOLUTE
    src\\triggers.c                          0x00000000   Number         0  triggers.o ABSOLUTE
    src\delay.c                              0x00000000   Number         0  delay.o ABSOLUTE
    src\i2c.c                                0x00000000   Number         0  i2c.o ABSOLUTE
    src\lookup_tables.c                      0x00000000   Number         0  lookup_tables.o ABSOLUTE
    src\main.c                               0x00000000   Number         0  main.o ABSOLUTE
    src\mma8451.c                            0x00000000   Number         0  mma8451.o ABSOLUTE
    src\profile.c                            0x00000000   Number         0  profile.o ABSOLUTE
    src\region.c                             0x00000000   Number         0  region.o ABSOLUTE
    src\spi.c                                0x00000000   Number         0  spi.o ABSOLUTE
    src\system_MKL25Z4.c                     0x00000000   Number         0  system_mkl25z4.o ABSOLUTE
    src\timers.c                             0x00000000   Number         0  timers.o ABSOLUTE
    src\triggers.c                           0x00000000   Number         0  triggers.o ABSOLUTE
    src\v2xe.c                               0x00000000   Number         0  v2xe.o ABSOLUTE
    .ARM.Collect$$$$00000000                 0x000000c0   Section        0  entry.o(.ARM.Collect$$$$00000000)
    .ARM.Collect$$$$00000001                 0x000000c0   Section        4  entry2.o(.ARM.Collect$$$$00000001)
    .ARM.Collect$$$$00000004                 0x000000c4   Section        4  entry5.o(.ARM.Collect$$$$00000004)
    .ARM.Collect$$$$00000008                 0x000000c8   Section        0  entry7b.o(.ARM.Collect$$$$00000008)
    .ARM.Collect$$$$0000000A                 0x000000c8   Section        0  entry8b.o(.ARM.Collect$$$$0000000A)
    .ARM.Collect$$$$0000000B                 0x000000c8   Section        8  entry9a.o(.ARM.Collect$$$$0000000B)
    .ARM.Collect$$$$0000000D                 0x000000d0   Section        0  entry10a.o(.ARM.Collect$$$$0000000D)
    .ARM.Collect$$$$0000000F                 0x000000d0   Section        0  entry11a.o(.ARM.Collect$$$$0000000F)
    .ARM.Collect$$$$00002712                 0x000000d0   Section        4  entry2.o(.ARM.Collect$$$$00002712)
    __lit__00000000                          0x000000d0   Data           4  entry2.o(.ARM.Collect$$$$00002712)
    .text                                    0x000000d4   Section        0  system_mkl25z4.o(.text)
    .text                                    0x00000260   Section       28  startup_mkl25z4.o(.text)
    .text                                    0x0000027c   Section        0  main.o(.text)
    .text                                    0x000003f0   Section        0  iusefp.o(.text)
    i.__mathlib_flt_infnan                   0x000003f0   Section        0  funder.o(i.__mathlib_flt_infnan)
    i.__scatterload_null                     0x000003fa   Section        2  handlers.o(i.__scatterload_null)
    .constdata                               0x000003fc   Section        4  region.o(.constdata)
    .ARM.__at_0x400                          0x00000400   Section       16  startup_mkl25z4.o(.ARM.__at_0x400)
    .text                                    0x00000410   Section        0  leds.o(.text)
    .text                                    0x000004ac   Section        0  timers.o(.text)
    .text                                    0x0000065c   Section        0  i2c.o(.text)
    .text                                    0x000008f4   Section        0  mma8451.o(.text)
    .text                                    0x00000a60   Section        0  delay.o(.text)
    .text                                    0x00000a78   Section        0  profile.o(.text)
    .text                                    0x00000ae0   Section        0  triggers.o(.text)
    .text                                    0x00000b18   Section        0  v2xe.o(.text)
    .text                                    0x00000bd4   Section        0  lookup_tables.o(.text)
    .text                                    0x00000c44   Section        0  uidiv.o(.text)
    .text                                    0x00000c70   Section        0  fadd.o(.text)
    .text                                    0x00000d22   Section        0  fmul.o(.text)
    .text                                    0x00000d9c   Section        0  fscalb.o(.text)
    .text                                    0x00000db4   Section        0  fflti.o(.text)
    .text                                    0x00000dca   Section        0  ffixi.o(.text)
    .text                                    0x00000dfc   Section        0  fepilogue.o(.text)
    .text                                    0x00000e7e   Section        0  fdiv.o(.text)
    .text                                    0x00000efc   Section       36  init.o(.text)
    .text                                    0x00000f20   Section        0  fsqrt.o(.text)
    i.__ARM_fpclassifyf                      0x00000f78   Section        0  fpclassifyf.o(i.__ARM_fpclassifyf)
    i.__mathlib_flt_infnan2                  0x00000f9a   Section        0  funder.o(i.__mathlib_flt_infnan2)
    i.__mathlib_flt_invalid                  0x00000fa2   Section        0  funder.o(i.__mathlib_flt_invalid)
    i.__mathlib_flt_underflow                0x00000fae   Section        0  funder.o(i.__mathlib_flt_underflow)
    i.__scatterload_copy                     0x00000fbc   Section       14  handlers.o(i.__scatterload_copy)
    i.__scatterload_zeroinit                 0x00000fca   Section       14  handlers.o(i.__scatterload_zeroinit)
    i.__set_errno                            0x00000fd8   Section        0  errno.o(i.__set_errno)
    i.asinf                                  0x00000fe4   Section        0  asinf.o(i.asinf)
    i.atan2f                                 0x000010fc   Section        0  atan2f.o(i.atan2f)
    i.sqrtf                                  0x00001358   Section        0  sqrtf.o(i.sqrtf)
    .constdata                               0x00001384   Section     2016  region.o(.constdata)
    .constdata                               0x00001b64   Section     2048  lookup_tables.o(.constdata)
    .data                                    0x1ffff000   Section        4  system_mkl25z4.o(.data)
    .data                                    0x1ffff004   Section        8  main.o(.data)
    .data                                    0x1ffff00c   Section        4  timers.o(.data)
    .data                                    0x1ffff010   Section        4  i2c.o(.data)
    .data                                    0x1ffff014   Section       24  mma8451.o(.data)
    .data                                    0x1ffff02c   Section        4  profile.o(.data)
    .data                                    0x1ffff030   Section        4  profile.o(.data)
    .data                                    0x1ffff034   Section        4  profile.o(.data)
    .data                                    0x1ffff038   Section        1  profile.o(.data)
    .data                                    0x1ffff03c   Section       28  v2xe.o(.data)
    .data                                    0x1ffff058   Section        4  errno.o(.data)
    _errno                                   0x1ffff058   Data           4  errno.o(.data)
    .bss                                     0x1ffff05c   Section      252  region.o(.bss)
    STACK                                    0x1ffff158   Section     1024  startup_mkl25z4.o(STACK)

    Global Symbols

    Symbol Name                              Value     Ov Type        Size  Object(Section)

    BuildAttributes$$THM_ISAv3M$S$PE$A:L22$X:L11$S22$IEEE1$IW$USESV6$~STKCKD$USESV7$~SHL$OTIME$ROPI$IEEEX$EBA8$MICROLIB$REQ8$PRES8$EABIv2 0x00000000   Number         0  anon$$obj.o ABSOLUTE
    __ARM_use_no_argv                        0x00000000   Number         0  main.o ABSOLUTE
    __Vectors                                0x00000000   Data           4  startup_mkl25z4.o(RESET)
    __cpp_initialize__aeabi_                  - Undefined Weak Reference
    __cxa_finalize                            - Undefined Weak Reference
    __decompress                              - Undefined Weak Reference
    _clock_init                               - Undefined Weak Reference
    _microlib_exit                            - Undefined Weak Reference
    __Vectors_End                            0x000000c0   Data           0  startup_mkl25z4.o(RESET)
    __Vectors_Size                           0x000000c0   Number         0  startup_mkl25z4.o ABSOLUTE
    __main                                   0x000000c1   Thumb Code     0  entry.o(.ARM.Collect$$$$00000000)
    _main_stk                                0x000000c1   Thumb Code     0  entry2.o(.ARM.Collect$$$$00000001)
    _main_scatterload                        0x000000c5   Thumb Code     0  entry5.o(.ARM.Collect$$$$00000004)
    __main_after_scatterload                 0x000000c9   Thumb Code     0  entry5.o(.ARM.Collect$$$$00000004)
    _main_clock                              0x000000c9   Thumb Code     0  entry7b.o(.ARM.Collect$$$$00000008)
    _main_cpp_init                           0x000000c9   Thumb Code     0  entry8b.o(.ARM.Collect$$$$0000000A)
    _main_init                               0x000000c9   Thumb Code     0  entry9a.o(.ARM.Collect$$$$0000000B)
    __rt_final_cpp                           0x000000d1   Thumb Code     0  entry10a.o(.ARM.Collect$$$$0000000D)
    __rt_final_exit                          0x000000d1   Thumb Code     0  entry11a.o(.ARM.Collect$$$$0000000F)
    SystemInit                               0x000000d5   Thumb Code   120  system_mkl25z4.o(.text)
    SystemCoreClockUpdate                    0x0000014d   Thumb Code   224  system_mkl25z4.o(.text)
    Reset_Handler                            0x00000261   Thumb Code     8  startup_mkl25z4.o(.text)
    NMI_Handler                              0x00000269   Thumb Code     2  startup_mkl25z4.o(.text)
    HardFault_Handler                        0x0000026b   Thumb Code     2  startup_mkl25z4.o(.text)
    SVC_Handler                              0x0000026d   Thumb Code     2  startup_mkl25z4.o(.text)
    PendSV_Handler                           0x0000026f   Thumb Code     2  startup_mkl25z4.o(.text)
    SysTick_Handler                          0x00000271   Thumb Code     2  startup_mkl25z4.o(.text)
    ADC0_IRQHandler                          0x00000273   Thumb Code     0  startup_mkl25z4.o(.text)
    CMP0_IRQHandler                          0x00000273   Thumb Code     0  startup_mkl25z4.o(.text)
    DAC0_IRQHandler                          0x00000273   Thumb Code     0  startup_mkl25z4.o(.text)
    DMA0_IRQHandler                          0x00000273   Thumb Code     0  startup_mkl25z4.o(.text)
    DMA1_IRQHandler                          0x00000273   Thumb Code     0  startup_mkl25z4.o(.text)
    DMA2_IRQHandler                          0x00000273   Thumb Code     0  startup_mkl25z4.o(.text)
    DMA3_IRQHandler                          0x00000273   Thumb Code     0  startup_mkl25z4.o(.text)
    DefaultISR                               0x00000273   Thumb Code     0  startup_mkl25z4.o(.text)
    FTFA_IRQHandler                          0x00000273   Thumb Code     0  startup_mkl25z4.o(.text)
    I2C0_IRQHandler                          0x00000273   Thumb Code     0  startup_mkl25z4.o(.text)
    I2C1_IRQHandler                          0x00000273   Thumb Code     0  startup_mkl25z4.o(.text)
    LLW_IRQHandler                           0x00000273   Thumb Code     0  startup_mkl25z4.o(.text)
    LPTimer_IRQHandler                       0x00000273   Thumb Code     0  startup_mkl25z4.o(.text)
    LVD_LVW_IRQHandler                       0x00000273   Thumb Code     0  startup_mkl25z4.o(.text)
    MCG_IRQHandler                           0x00000273   Thumb Code     0  startup_mkl25z4.o(.text)
    PORTA_IRQHandler                         0x00000273   Thumb Code     0  startup_mkl25z4.o(.text)
    PORTD_IRQHandler                         0x00000273   Thumb Code     0  startup_mkl25z4.o(.text)
    RTC_IRQHandler                           0x00000273   Thumb Code     0  startup_mkl25z4.o(.text)
    RTC_Seconds_IRQHandler                   0x00000273   Thumb Code     0  startup_mkl25z4.o(.text)
    Reserved20_IRQHandler                    0x00000273   Thumb Code     0  startup_mkl25z4.o(.text)
    Reserved39_IRQHandler                    0x00000273   Thumb Code     0  startup_mkl25z4.o(.text)
    Reserved45_IRQHandler                    0x00000273   Thumb Code     0  startup_mkl25z4.o(.text)
    SPI0_IRQHandler                          0x00000273   Thumb Code     0  startup_mkl25z4.o(.text)
    SPI1_IRQHandler                          0x00000273   Thumb Code     0  startup_mkl25z4.o(.text)
    TPM0_IRQHandler                          0x00000273   Thumb Code     0  startup_mkl25z4.o(.text)
    TPM1_IRQHandler                          0x00000273   Thumb Code     0  startup_mkl25z4.o(.text)
    TPM2_IRQHandler                          0x00000273   Thumb Code     0  startup_mkl25z4.o(.text)
    TSI0_IRQHandler                          0x00000273   Thumb Code     0  startup_mkl25z4.o(.text)
    UART0_IRQHandler                         0x00000273   Thumb Code     0  startup_mkl25z4.o(.text)
    UART1_IRQHandler                         0x00000273   Thumb Code     0  startup_mkl25z4.o(.text)
    UART2_IRQHandler                         0x00000273   Thumb Code     0  startup_mkl25z4.o(.text)
    USB0_IRQHandler                          0x00000273   Thumb Code     0  startup_mkl25z4.o(.text)
    main                                     0x0000027d   Thumb Code   314  main.o(.text)
    __I$use$fp                               0x000003f1   Thumb Code     0  iusefp.o(.text)
    __mathlib_flt_infnan                     0x000003f1   Thumb Code    10  funder.o(i.__mathlib_flt_infnan)
    __scatterload_null                       0x000003fb   Thumb Code     2  handlers.o(i.__scatterload_null)
    NumProfileRegions                        0x000003fc   Data           4  region.o(.constdata)
    Init_RGB_LEDs                            0x00000411   Thumb Code    82  leds.o(.text)
    Control_RGB_LEDs                         0x00000463   Thumb Code    52  leds.o(.text)
    PIT_IRQHandler                           0x000004ad   Thumb Code   138  timers.o(.text)
    Init_PIT                                 0x00000537   Thumb Code    76  timers.o(.text)
    Start_PIT                                0x00000583   Thumb Code    12  timers.o(.text)
    Stop_PIT                                 0x0000058f   Thumb Code    12  timers.o(.text)
    Init_PWM                                 0x0000059b   Thumb Code    82  timers.o(.text)
    Set_PWM_Values                           0x000005ed   Thumb Code    26  timers.o(.text)
    i2c_init                                 0x0000065d   Thumb Code    52  i2c.o(.text)
    i2c_start                                0x00000691   Thumb Code    20  i2c.o(.text)
    i2c_reset                                0x000006a5   Thumb Code   102  i2c.o(.text)
    i2c_wait                                 0x0000070b   Thumb Code   148  i2c.o(.text)
    i2c_read_setup                           0x0000079f   Thumb Code    72  i2c.o(.text)
    i2c_repeated_read                        0x000007e7   Thumb Code    58  i2c.o(.text)
    i2c_read_byte                            0x00000821   Thumb Code   118  i2c.o(.text)
    i2c_write_byte                           0x00000897   Thumb Code    76  i2c.o(.text)
    init_mma                                 0x000008f5   Thumb Code    54  mma8451.o(.text)
    read_full_xyz                            0x0000092b   Thumb Code    96  mma8451.o(.text)
    read_xyz                                 0x0000098b   Thumb Code    54  mma8451.o(.text)
    convert_xyz_to_roll_pitch                0x000009c1   Thumb Code    94  mma8451.o(.text)
    convert_xyz_to_roll_pitch_DEF            0x00000a1f   Thumb Code    46  mma8451.o(.text)
    Delay                                    0x00000a61   Thumb Code    20  delay.o(.text)
    Init_Profiling                           0x00000a79   Thumb Code    72  profile.o(.text)
    Disable_Profiling                        0x00000ac1   Thumb Code     8  profile.o(.text)
    Enable_Profiling                         0x00000ac9   Thumb Code     8  profile.o(.text)
    Init_Triggers                            0x00000ae1   Thumb Code    46  triggers.o(.text)
    Compensated_Heading_DEF                  0x00000b19   Thumb Code   172  v2xe.o(.text)
    sin_lookup                               0x00000bd5   Thumb Code    52  lookup_tables.o(.text)
    cos_lookup                               0x00000c09   Thumb Code    46  lookup_tables.o(.text)
    __aeabi_uidiv                            0x00000c45   Thumb Code     0  uidiv.o(.text)
    __aeabi_uidivmod                         0x00000c45   Thumb Code    44  uidiv.o(.text)
    __aeabi_fadd                             0x00000c71   Thumb Code   162  fadd.o(.text)
    __aeabi_fsub                             0x00000d13   Thumb Code     8  fadd.o(.text)
    __aeabi_frsub                            0x00000d1b   Thumb Code     8  fadd.o(.text)
    __aeabi_fmul                             0x00000d23   Thumb Code   122  fmul.o(.text)
    __ARM_scalbnf                            0x00000d9d   Thumb Code    24  fscalb.o(.text)
    scalbnf                                  0x00000d9d   Thumb Code     0  fscalb.o(.text)
    __aeabi_i2f                              0x00000db5   Thumb Code    22  fflti.o(.text)
    __aeabi_f2iz                             0x00000dcb   Thumb Code    50  ffixi.o(.text)
    _float_round                             0x00000dfd   Thumb Code    16  fepilogue.o(.text)
    _float_epilogue                          0x00000e0d   Thumb Code   114  fepilogue.o(.text)
    __aeabi_fdiv                             0x00000e7f   Thumb Code   124  fdiv.o(.text)
    __scatterload                            0x00000efd   Thumb Code    28  init.o(.text)
    __scatterload_rt2                        0x00000efd   Thumb Code     0  init.o(.text)
    _fsqrt                                   0x00000f21   Thumb Code    88  fsqrt.o(.text)
    __ARM_fpclassifyf                        0x00000f79   Thumb Code    34  fpclassifyf.o(i.__ARM_fpclassifyf)
    __mathlib_flt_infnan2                    0x00000f9b   Thumb Code     8  funder.o(i.__mathlib_flt_infnan2)
    __mathlib_flt_invalid                    0x00000fa3   Thumb Code    12  funder.o(i.__mathlib_flt_invalid)
    __mathlib_flt_underflow                  0x00000faf   Thumb Code    14  funder.o(i.__mathlib_flt_underflow)
    __scatterload_copy                       0x00000fbd   Thumb Code    14  handlers.o(i.__scatterload_copy)
    __scatterload_zeroinit                   0x00000fcb   Thumb Code    14  handlers.o(i.__scatterload_zeroinit)
    __set_errno                              0x00000fd9   Thumb Code     6  errno.o(i.__set_errno)
    asinf                                    0x00000fe5   Thumb Code   242  asinf.o(i.asinf)
    atan2f                                   0x000010fd   Thumb Code   526  atan2f.o(i.atan2f)
    sqrtf                                    0x00001359   Thumb Code    44  sqrtf.o(i.sqrtf)
    RegionTable                              0x00001384   Data        2016  region.o(.constdata)
    sine                                     0x00001b64   Data        1024  lookup_tables.o(.constdata)
    cosine                                   0x00001f64   Data        1024  lookup_tables.o(.constdata)
    Region$$Table$$Base                      0x00002364   Number         0  anon$$obj.o(Region$$Table)
    Region$$Table$$Limit                     0x00002384   Number         0  anon$$obj.o(Region$$Table)
    SystemCoreClock                          0x1ffff000   Data           4  system_mkl25z4.o(.data)
    debug_iter                               0x1ffff004   Data           4  main.o(.data)
    trigger                                  0x1ffff008   Data           4  main.o(.data)
    PC_val                                   0x1ffff00c   Data           4  timers.o(.data)
    i2c_wait_return                          0x1ffff010   Data           1  i2c.o(.data)
    cnt1                                     0x1ffff012   Data           2  i2c.o(.data)
    acc_X                                    0x1ffff014   Data           2  mma8451.o(.data)
    acc_Y                                    0x1ffff016   Data           2  mma8451.o(.data)
    acc_Z                                    0x1ffff018   Data           2  mma8451.o(.data)
    roll                                     0x1ffff01c   Data           4  mma8451.o(.data)
    pitch                                    0x1ffff020   Data           4  mma8451.o(.data)
    roll_rads                                0x1ffff024   Data           4  mma8451.o(.data)
    pitch_rads                               0x1ffff028   Data           4  mma8451.o(.data)
    adx_lost                                 0x1ffff02c   Data           4  profile.o(.data)
    num_lost                                 0x1ffff030   Data           4  profile.o(.data)
    profile_ticks                            0x1ffff034   Data           4  profile.o(.data)
    profiling_enabled                        0x1ffff038   Data           1  profile.o(.data)
    heading                                  0x1ffff03c   Data           4  v2xe.o(.data)
    x_h                                      0x1ffff040   Data           4  v2xe.o(.data)
    y_h                                      0x1ffff044   Data           4  v2xe.o(.data)
    sin_pitch                                0x1ffff048   Data           4  v2xe.o(.data)
    sin_roll                                 0x1ffff04c   Data           4  v2xe.o(.data)
    cos_pitch                                0x1ffff050   Data           4  v2xe.o(.data)
    cos_roll                                 0x1ffff054   Data           4  v2xe.o(.data)
    RegionCount                              0x1ffff05c   Data         252  region.o(.bss)
    __initial_sp                             0x1ffff558   Data           0  startup_mkl25z4.o(STACK)



==============================================================================

Memory Map of the image

  Image Entry point : 0x000000c1

  Load Region LR_IROM1 (Base: 0x00000000, Size: 0x000023e0, Max: 0x00020000, ABSOLUTE)

    Execution Region ER_IROM1 (Base: 0x00000000, Size: 0x00002384, Max: 0x00020000, ABSOLUTE)

    Base Addr    Size         Type   Attr      Idx    E Section Name        Object

    0x00000000   0x000000c0   Data   RO           47    RESET               startup_mkl25z4.o
    0x000000c0   0x00000000   Code   RO          407  * .ARM.Collect$$$$00000000  mc_p.l(entry.o)
    0x000000c0   0x00000004   Code   RO          446    .ARM.Collect$$$$00000001  mc_p.l(entry2.o)
    0x000000c4   0x00000004   Code   RO          449    .ARM.Collect$$$$00000004  mc_p.l(entry5.o)
    0x000000c8   0x00000000   Code   RO          451    .ARM.Collect$$$$00000008  mc_p.l(entry7b.o)
    0x000000c8   0x00000000   Code   RO          453    .ARM.Collect$$$$0000000A  mc_p.l(entry8b.o)
    0x000000c8   0x00000008   Code   RO          454    .ARM.Collect$$$$0000000B  mc_p.l(entry9a.o)
    0x000000d0   0x00000000   Code   RO          456    .ARM.Collect$$$$0000000D  mc_p.l(entry10a.o)
    0x000000d0   0x00000000   Code   RO          458    .ARM.Collect$$$$0000000F  mc_p.l(entry11a.o)
    0x000000d0   0x00000004   Code   RO          447    .ARM.Collect$$$$00002712  mc_p.l(entry2.o)
    0x000000d4   0x0000018c   Code   RO            3    .text               system_mkl25z4.o
    0x00000260   0x0000001c   Code   RO           49    .text               startup_mkl25z4.o
    0x0000027c   0x00000174   Code   RO           94    .text               main.o
    0x000003f0   0x00000000   Code   RO          467    .text               mc_p.l(iusefp.o)
    0x000003f0   0x0000000a   Code   RO          425    i.__mathlib_flt_infnan  m_ps.l(funder.o)
    0x000003fa   0x00000002   Code   RO          479    i.__scatterload_null  mc_p.l(handlers.o)
    0x000003fc   0x00000004   Data   RO          310    .constdata          region.o
    0x00000400   0x00000010   Code   RO           48    .ARM.__at_0x400     startup_mkl25z4.o
    0x00000410   0x0000009c   Code   RO          155    .text               leds.o
    0x000004ac   0x000001b0   Code   RO          175    .text               timers.o
    0x0000065c   0x00000298   Code   RO          208    .text               i2c.o
    0x000008f4   0x0000016c   Code   RO          236    .text               mma8451.o
    0x00000a60   0x00000018   Code   RO          264    .text               delay.o
    0x00000a78   0x00000068   Code   RO          284    .text               profile.o
    0x00000ae0   0x00000038   Code   RO          333    .text               triggers.o
    0x00000b18   0x000000bc   Code   RO          351    .text               v2xe.o
    0x00000bd4   0x00000070   Code   RO          373    .text               lookup_tables.o
    0x00000c44   0x0000002c   Code   RO          410    .text               mc_p.l(uidiv.o)
    0x00000c70   0x000000b2   Code   RO          412    .text               mf_p.l(fadd.o)
    0x00000d22   0x0000007a   Code   RO          414    .text               mf_p.l(fmul.o)
    0x00000d9c   0x00000018   Code   RO          416    .text               mf_p.l(fscalb.o)
    0x00000db4   0x00000016   Code   RO          418    .text               mf_p.l(fflti.o)
    0x00000dca   0x00000032   Code   RO          420    .text               mf_p.l(ffixi.o)
    0x00000dfc   0x00000082   Code   RO          468    .text               mf_p.l(fepilogue.o)
    0x00000e7e   0x0000007c   Code   RO          470    .text               mf_p.l(fdiv.o)
    0x00000efa   0x00000002   PAD
    0x00000efc   0x00000024   Code   RO          472    .text               mc_p.l(init.o)
    0x00000f20   0x00000058   Code   RO          474    .text               mf_p.l(fsqrt.o)
    0x00000f78   0x00000022   Code   RO          422    i.__ARM_fpclassifyf  m_ps.l(fpclassifyf.o)
    0x00000f9a   0x00000008   Code   RO          426    i.__mathlib_flt_infnan2  m_ps.l(funder.o)
    0x00000fa2   0x0000000c   Code   RO          427    i.__mathlib_flt_invalid  m_ps.l(funder.o)
    0x00000fae   0x0000000e   Code   RO          430    i.__mathlib_flt_underflow  m_ps.l(funder.o)
    0x00000fbc   0x0000000e   Code   RO          478    i.__scatterload_copy  mc_p.l(handlers.o)
    0x00000fca   0x0000000e   Code   RO          480    i.__scatterload_zeroinit  mc_p.l(handlers.o)
    0x00000fd8   0x0000000c   Code   RO          462    i.__set_errno       mc_p.l(errno.o)
    0x00000fe4   0x00000118   Code   RO          392    i.asinf             m_ps.l(asinf.o)
    0x000010fc   0x0000025c   Code   RO          400    i.atan2f            m_ps.l(atan2f.o)
    0x00001358   0x0000002c   Code   RO          439    i.sqrtf             m_ps.l(sqrtf.o)
    0x00001384   0x000007e0   Data   RO          309    .constdata          region.o
    0x00001b64   0x00000800   Data   RO          374    .constdata          lookup_tables.o
    0x00002364   0x00000020   Data   RO          476    Region$$Table       anon$$obj.o


    Execution Region RW_IRAM1 (Base: 0x1ffff000, Size: 0x00000558, Max: 0x00001000, ABSOLUTE)

    Base Addr    Size         Type   Attr      Idx    E Section Name        Object

    0x1ffff000   0x00000004   Data   RW            4    .data               system_mkl25z4.o
    0x1ffff004   0x00000008   Data   RW           95    .data               main.o
    0x1ffff00c   0x00000004   Data   RW          178    .data               timers.o
    0x1ffff010   0x00000004   Data   RW          209    .data               i2c.o
    0x1ffff014   0x00000018   Data   RW          237    .data               mma8451.o
    0x1ffff02c   0x00000004   Data   RW          285    .data               profile.o
    0x1ffff030   0x00000004   Data   RW          286    .data               profile.o
    0x1ffff034   0x00000004   Data   RW          287    .data               profile.o
    0x1ffff038   0x00000001   Data   RW          288    .data               profile.o
    0x1ffff039   0x00000003   PAD
    0x1ffff03c   0x0000001c   Data   RW          352    .data               v2xe.o
    0x1ffff058   0x00000004   Data   RW          463    .data               mc_p.l(errno.o)
    0x1ffff05c   0x000000fc   Zero   RW          308    .bss                region.o
    0x1ffff158   0x00000400   Zero   RW           45    STACK               startup_mkl25z4.o


==============================================================================

Image component sizes


      Code (inc. data)   RO Data    RW Data    ZI Data      Debug   Object Name

        24          4          0          0          0        768   delay.o
       664         18          0          4          0       2784   i2c.o
       156         22          0          0          0        729   leds.o
       112         14       2048          0          0       1402   lookup_tables.o
       372         58          0          8          0        940   main.o
       364         20          0         24          0       1847   mma8451.o
       104         16          0         13          0       1204   profile.o
         0          0       2020          0        252       1020   region.o
        44         24        192          0       1024        852   startup_mkl25z4.o
       396         60          0          4          0      98701   system_mkl25z4.o
       432         86          0          4          0       7681   timers.o
        56         10          0          0          0        432   triggers.o
       188         16          0         28          0       1038   v2xe.o

    ----------------------------------------------------------------------
      2912        348       4292         88       1276     119398   Object Totals
         0          0         32          0          0          0   (incl. Generated)
         0          0          0          3          0          0   (incl. Padding)

    ----------------------------------------------------------------------

      Code (inc. data)   RO Data    RW Data    ZI Data      Debug   Library Member Name

       280         38          0          0          0         76   asinf.o
       604         78          0          0          0        120   atan2f.o
        34          0          0          0          0         60   fpclassifyf.o
        44          0          0          0          0        272   funder.o
        44          0          0          0          0         72   sqrtf.o
         0          0          0          0          0          0   entry.o
         0          0          0          0          0          0   entry10a.o
         0          0          0          0          0          0   entry11a.o
         8          4          0          0          0          0   entry2.o
         4          0          0          0          0          0   entry5.o
         0          0          0          0          0          0   entry7b.o
         0          0          0          0          0          0   entry8b.o
         8          4          0          0          0          0   entry9a.o
        12          6          0          4          0         60   errno.o
        30          0          0          0          0          0   handlers.o
        36          8          0          0          0         68   init.o
         0          0          0          0          0          0   iusefp.o
        44          0          0          0          0         72   uidiv.o
       178          0          0          0          0        108   fadd.o
       124          0          0          0          0         72   fdiv.o
       130          0          0          0          0        144   fepilogue.o
        50          0          0          0          0         60   ffixi.o
        22          0          0          0          0         68   fflti.o
       122          0          0          0          0         72   fmul.o
        24          0          0          0          0         60   fscalb.o
        88          0          0          0          0         72   fsqrt.o

    ----------------------------------------------------------------------
      1888        138          0          4          0       1456   Library Totals
         2          0          0          0          0          0   (incl. Padding)

    ----------------------------------------------------------------------

      Code (inc. data)   RO Data    RW Data    ZI Data      Debug   Library Name

      1006        116          0          0          0        600   m_ps.l
       142         22          0          4          0        200   mc_p.l
       738          0          0          0          0        656   mf_p.l

    ----------------------------------------------------------------------
      1888        138          0          4          0       1456   Library Totals

    ----------------------------------------------------------------------

==============================================================================


      Code (inc. data)   RO Data    RW Data    ZI Data      Debug   

      4800        486       4292         92       1276     119598   Grand Totals
      4800        486       4292         92       1276     119598   ELF Image Totals
      4800        486       4292         92          0          0   ROM Totals

==============================================================================

    Total RO  Size (Code + RO Data)                 9092 (   8.88kB)
    Total RW  Size (RW Data + ZI Data)              1368 (   1.34kB)
    Total ROM Size (Code + RO Data + RW Data)       9184 (   8.97kB)

==============================================================================

