<html>
<body>
<pre>
<h1>µVision Build Log</h1>
<h2>Tool Versions:</h2>
IDE-Version: µVision V5.13.0.0
Copyright (C) 2014 ARM Ltd and ARM Germany GmbH. All rights reserved.
License Information: Rahul Tadakamadla, NCSU, LIC=----
 
Tool Versions:
Toolchain:       MDK-Lite  Version: 5.13.0.0
Toolchain Path:  C:\Keil_v5\ARM\ARMCC\Bin
C Compiler:      Armcc.exe V5.05 update 1 (build 106)
Assembler:       Armasm.exe V5.05 update 1 (build 106)
Linker/Locator:  ArmLink.exe V5.05 update 1 (build 106)
Library Manager: ArmAr.exe V5.05 update 1 (build 106)
Hex Converter:   FromElf.exe V5.05 update 1 (build 106)
CPU DLL:         SARMCM3.DLL V5.13.0.0
Dialog DLL:      DARMCM1.DLL V1.12.0.0
Target DLL:      CMSIS_AGDI.dll V1.20.8.0
Dialog DLL:      TARMCM1.DLL V1.9.0.0
 
<h2>Project:</h2>
C:\Users\Rahul\Documents\ECE 561\Projects\561_Project_2\ProfilerProject - Base\BasicUI.uvproj
Project File Date:  02/14/2015

<h2>Output:</h2>
Rebuild target 'KL25Z Flash'
*** Scatter Error: no default 'Read/Write' range selected
compiling system_MKL25Z4.c...
assembling startup_MKL25Z4.s...
compiling LCD_4bit.c...
compiling main.c...
compiling LEDs.c...
compiling timers.c...
compiling i2c.c...
compiling mma8451.c...
compiling delay.c...
compiling sine_table.c...
compiling profile.c...
compiling region.c...
compiling spi.c...
compiling triggers.c...
compiling v2xe.c...
src\v2xe.c(9): warning:  #177-D: variable "z_v" was declared but never referenced
        float x_h = 0,y_h = 0,z_v = 0;
src\v2xe.c: 1 warning, 0 errors
linking...
Program Size: Code=5408 RO-data=2340 RW-data=56 ZI-data=1288  
After Build - User command #1: "C:\Users\Rahul\Documents\ECE 561\Projects\561_Project_2\ProfilerProject - Base\Scripts\update_regions_MDK.bat"
C:\Users\Rahul\Documents\ECE 561\Projects\561_Project_2\ProfilerProject - Base>set PATH=C:\Program Files (x86)\Intel\iCLS Client\;C:\Program Files\Intel\iCLS Client\;C:\windows\system32;C:\windows;C:\windows\System32\Wbem;C:\windows\System32\WindowsPowerShell\v1.0\;C:\Program Files\Intel\Intel(R) Management Engine Components\DAL;C:\Program Files\Intel\Intel(R) Management Engine Components\IPT;C:\Program Files (x86)\Intel\Intel(R) Management Engine Components\DAL;C:\Program Files (x86)\Intel\Intel(R) Management Engine Components\IPT;C:\Program Files\Lenovo\Bluetooth Software\;C:\Program Files\Lenovo\Bluetooth Software\syswow64;C:\Program Files\MiKTeX 2.9\miktex\bin\x64\;C:\Program Files\Calibre2\;C:\Modeltech_pe_edu_10.3c\win32pe_edu;C:\Modeltech_pe_edu_10.4\win32pe_edu;C:\cygwin64\bin 
C:\Users\Rahul\Documents\ECE 561\Projects\561_Project_2\ProfilerProject - Base>Scripts\getregions.exe obj/*.axf -c -osrc/region.c 
".\obj\BasicUI.axf" - 0 Error(s), 1 Warning(s).
</pre>
</body>
</html>
